Format provided claims and citations using `### Claims` and `### Citations` headings inside the Overseer JSON envelope only.